// Jest Snapshot v1, https://goo.gl/fbAQLP

exports[`renders Login 1`] = `
<main
  className="layout"
>
  <div
    className="container"
  >
    <h2>
      Login
    </h2>
    <form
      className="form"
      onSubmit={[Function]}
    >
      <input
        className="input input"
        onChange={[Function]}
        placeholder="Your Github API Key"
        required={true}
        type="text"
        value=""
      />
      <button
        className="button"
        type="submit"
      >
        Submit
      </button>
    </form>
  </div>
</main>
`;
